[et-xchange.netlify.app/index37cc.html]
[et-xchange.netlify.app/logo.jpg]
[et-xchange.netlify.app/_next/static/css/58786375a8f071fc.css]
[et-xchange.netlify.app/_next/static/css/c3c1fbb4abd379f9.css]
[et-xchange.netlify.app/_next/static/chunks/webpack-739abf2fb016b1f0.js]
[et-xchange.netlify.app/_next/static/chunks/fd9d1056-ebb0babec2f60618.js]
[et-xchange.netlify.app/_next/static/chunks/23-bc3631104200434f.js]
[et-xchange.netlify.app/_next/static/chunks/main-app-2cafe6b471aea5af.js]
[et-xchange.netlify.app/_next/static/chunks/e8686b1f-f9ddea45595fbb8c.js]
[et-xchange.netlify.app/_next/static/chunks/747-500084e3a943f288.js]
[et-xchange.netlify.app/_next/static/chunks/app/page-8e14c30e0f4dd147.js]
[et-xchange.netlify.app/_next/static/chunks/291-f36a338a94eb6f5e.js]
[et-xchange.netlify.app/_next/static/chunks/app/layout-2bacf12d80e32396.js]
[et-xchange.netlify.app/favicon.ico]
[backblue.gif]
[fade.gif]
[index.html]
[et-xchange.netlify.app/_next/static/chunks/polyfills-78c92fac7aa8fdd8.js]
[et-xchange.netlify.app/index.html]
[et-xchange.netlify.app/about.e.delayed]
[et-xchange.netlify.app/index37cc.html]
[et-xchange.netlify.app/_next/static/css/58786375a8f071fc.css]
[et-xchange.netlify.app/_next/static/css/c3c1fbb4abd379f9.css]
[et-xchange.netlify.app/index.html]
[et-xchange.netlify.app/about.html]
